// Jest Snapshot v1, https://goo.gl/fbAQLP

exports[`Renders Crypto correctly 1`] = `
<a
  className="main-page-each-crypto"
  href="/detail/undefined"
  onClick={[Function]}
>
  <li>
    <div
      className="main-page-each-li-box"
    >
      <img
        className="main-page-each-li-img"
      />
      <div
        className="main-page-crypto-info"
      >
        <h2
          className="main-page-each-li-detail"
        >
          <span
            className="detail-feature-tag"
          >
            Name:
          </span>
           
        </h2>
        <h2
          className="main-page-each-li-detail"
        >
          <span
            className="detail-feature-tag"
          >
            Symbol:
          </span>
           
        </h2>
        <h2
          className="main-page-each-li-detail"
        >
          <span
            className="detail-feature-tag"
          >
            Price:
          </span>
           
           
          <span
            className="USD"
          >
            $
          </span>
        </h2>
      </div>
    </div>
  </li>
</a>
`;

exports[`renders Details correctly 1`] = `
<a
  className="main-page-each-crypto"
  href="/detail/undefined"
  onClick={[Function]}
>
  <li>
    <div
      className="main-page-each-li-box"
    >
      <img
        className="main-page-each-li-img"
      />
      <div
        className="main-page-crypto-info"
      >
        <h2
          className="main-page-each-li-detail"
        >
          <span
            className="detail-feature-tag"
          >
            Name:
          </span>
           
        </h2>
        <h2
          className="main-page-each-li-detail"
        >
          <span
            className="detail-feature-tag"
          >
            Symbol:
          </span>
           
        </h2>
        <h2
          className="main-page-each-li-detail"
        >
          <span
            className="detail-feature-tag"
          >
            Price:
          </span>
           
           
          <span
            className="USD"
          >
            $
          </span>
        </h2>
      </div>
    </div>
  </li>
</a>
`;
